8=FIX.4.29=6435=A34=149=CLIENT152=20040501-13:26:51.00056=TW98=0108=3010=137
8=FIX.4.29=11335=D34=249=CLIENT152=20040502-13:27:00.00056=TW11=121=138=10040=154=155=DELL59=060=20040521-13:27:0010=199
8=FIX.4.29=12135=D34=349=CLIENT152=20040503-13:27:16.00056=TW11=221=138=10040=244=43.254=155=DELL59=060=20040521-13:27:1610=068
This is junk and should be ignored!!!!
8=FIX.4.29=12135=D34=449=CLIENT152=20040504-13:27:25.00056=TW11=321=138=20040=244=43.254=255=DELL59=060=20040521-13:27:2510=072
8=FIX.4.29=10335=F34=549=CLIENT152=20040505-13:27:30.00056=TW11=438=20041=354=255=DELL60=20040521-13:27:3010=043
8=FIX.4.29=6435=A34=149=CLIENT252=20040506-13:26:51.00056=TW98=0108=3010=138
8=FIX.4.29=5235=034=249=CLIENT252=20040507-13:27:21.00056=TW10=092
8=FIX.4.29=5235=034=349=CLIENT252=20040508-13:27:51.00056=TW10=096
We should be smart enough to parse this!!! 8=FIX.4.29=5235=034=349=CLIENT252=20040509-13:27:51.00056=TW10=096
8=FIX.4.29=6435=A34=149=TW52=20040510-13:26:51.00056=CLIENT198=0108=3010=137
8=FIX.4.29=14835=834=249=TW52=20040511-13:27:01.00056=CLIENT16=011=114=017=120=037=139=854=155=DELL58=Unsupported Order Type, use limit150=8151=010=253
8=FIX.4.29=12035=834=349=TW52=20040512-13:27:16.00056=CLIENT16=011=214=017=220=037=238=10039=054=155=DELL150=0151=10010=126
8=FIX.4.29=12035=834=449=TW52=20040513-13:27:25.00056=CLIENT16=011=314=017=320=037=338=20039=054=255=DELL150=0151=20010=133
8=FIX.4.29=13835=834=549=TW52=20040514-13:27:25.00056=CLIENT16=43.211=214=10017=420=031=43.232=10037=238=10039=254=155=DELL150=2151=010=195
8=FIX.4.29=14035=834=649=TW52=20040515-13:27:25.00056=CLIENT16=43.211=314=10017=520=031=43.232=10037=338=20039=154=255=DELL150=1151=10010=033
8=FIX.4.29=12335=834=749=TW52=20040516-13:27:30.00056=CLIENT16=43.211=314=10017=620=037=338=20039=454=255=DELL150=4151=010=040
8=FIX.4.29=6435=A34=149=TW52=20040517-13:26:51.00056=CLIENT298=0108=3010=138
8=FIX.4.29=5235=034=249=TW52=20040517-13:27:22.00056=CLIENT210=093
The next message has no trailing SOH
8=FIX.4.29=5235=034=249=TW52=20040518-13:27:22.00056=CLIENT210=093
8=FIX.4.29=5235=034=349=TW52=20040519-14:27:52.00056=CLIENT210=097
8=FIX.4.29=12135=D34=349=CLIENT152=20040519-14:27:52.00056=TW11=221=138=10040=244=43.254=155=DELL59=060=20040521-13:27:1610=068
8=FIX.4.29=6635=V34=349=CLIENT152=20040519-14:27:52.00056=TW146=255=SYMBOL165=SFX155=SYMBOL265=CD262=1263=0264=1010=176